[0.014s][info][gc] Using The Z Garbage Collector
[0.158s][info][gc] GC(0) Garbage Collection (Warmup) 4M(17%)->4M(17%)
[1.057s][info][gc] GC(1) Garbage Collection (Warmup) 6M(25%)->6M(25%)
[6.358s][info][gc] GC(2) Garbage Collection (Warmup) 12M(50%)->8M(33%)
[6.493s][info][gc] GC(3) Garbage Collection (Allocation Rate) 16M(67%)->10M(42%)
[6.574s][info][gc] GC(4) Garbage Collection (Allocation Rate) 10M(42%)->8M(33%)
[6.668s][info][gc] GC(5) Garbage Collection (Allocation Rate) 8M(33%)->6M(25%)
[6.767s][info][gc] GC(6) Garbage Collection (Allocation Rate) 8M(33%)->8M(33%)
[6.861s][info][gc] GC(7) Garbage Collection (Allocation Rate) 10M(42%)->8M(33%)
[6.975s][info][gc] GC(8) Garbage Collection (Allocation Rate) 10M(42%)->8M(33%)
[7.072s][info][gc] GC(9) Garbage Collection (Allocation Rate) 10M(42%)->10M(42%)
[7.173s][info][gc] GC(10) Garbage Collection (Allocation Rate) 10M(42%)->10M(42%)
[7.284s][info][gc] GC(11) Garbage Collection (Allocation Rate) 10M(42%)->10M(42%)
[7.377s][info][gc] GC(12) Garbage Collection (Allocation Rate) 10M(42%)->10M(42%)
[8.078s][info][gc] GC(13) Garbage Collection (Allocation Rate) 10M(42%)->10M(42%)
[21.174s][info][gc] GC(14) Garbage Collection (Proactive) 14M(58%)->10M(42%)
[48.177s][info][gc] GC(15) Garbage Collection (Proactive) 14M(58%)->6M(25%)
[59.168s][info][gc] GC(16) Garbage Collection (Proactive) 10M(42%)->8M(33%)
[73.283s][info][gc] GC(17) Garbage Collection (Proactive) 12M(50%)->8M(33%)
[87.272s][info][gc] GC(18) Garbage Collection (Proactive) 12M(50%)->8M(33%)
[99.261s][info][gc] GC(19) Garbage Collection (Proactive) 12M(50%)->8M(33%)
[113.278s][info][gc] GC(20) Garbage Collection (Proactive) 12M(50%)->8M(33%)
[127.268s][info][gc] GC(21) Garbage Collection (Proactive) 12M(50%)->8M(33%)
[129.388s][info][gc] GC(22) Garbage Collection (Proactive) 12M(50%)->10M(42%)
[142.275s][info][gc] GC(23) Garbage Collection (Proactive) 14M(58%)->10M(42%)
[159.272s][info][gc] GC(24) Garbage Collection (Proactive) 14M(58%)->10M(42%)
[176.385s][info][gc] GC(25) Garbage Collection (Proactive) 14M(58%)->10M(42%)
[184.712s][info][gc] Allocation Stall (main) 15.748ms
[184.712s][info][gc] GC(26) Garbage Collection (Allocation Stall) 24M(100%)->14M(58%)
[184.739s][info][gc] Allocation Stall (main) 14.291ms
[184.739s][info][gc] GC(27) Garbage Collection (Allocation Stall) 24M(100%)->16M(67%)
[184.768s][info][gc] GC(28) Garbage Collection (Allocation Rate) 24M(100%)->10M(42%)
[184.883s][info][gc] GC(29) Garbage Collection (Allocation Rate) 10M(42%)->10M(42%)
[184.966s][info][gc] GC(30) Garbage Collection (Allocation Rate) 10M(42%)->10M(42%)
[185.090s][info][gc] GC(31) Garbage Collection (Allocation Rate) 10M(42%)->10M(42%)
[185.185s][info][gc] GC(32) Garbage Collection (Allocation Rate) 10M(42%)->12M(50%)
[185.272s][info][gc] GC(33) Garbage Collection (Allocation Rate) 12M(50%)->12M(50%)
[185.378s][info][gc] GC(34) Garbage Collection (Allocation Rate) 12M(50%)->10M(42%)
[185.488s][info][gc] GC(35) Garbage Collection (Allocation Rate) 10M(42%)->10M(42%)
[185.581s][info][gc] GC(36) Garbage Collection (Allocation Rate) 10M(42%)->10M(42%)
[185.870s][info][gc] GC(37) Garbage Collection (Allocation Rate) 10M(42%)->10M(42%)
[185.976s][info][gc] GC(38) Garbage Collection (Allocation Rate) 10M(42%)->10M(42%)
[186.085s][info][gc] GC(39) Garbage Collection (Allocation Rate) 10M(42%)->10M(42%)
[186.180s][info][gc] GC(40) Garbage Collection (Allocation Rate) 10M(42%)->12M(50%)
[186.289s][info][gc] GC(41) Garbage Collection (Allocation Rate) 12M(50%)->12M(50%)
[186.375s][info][gc] GC(42) Garbage Collection (Allocation Rate) 12M(50%)->10M(42%)
[186.476s][info][gc] GC(43) Garbage Collection (Allocation Rate) 10M(42%)->10M(42%)
[186.577s][info][gc] GC(44) Garbage Collection (Allocation Rate) 10M(42%)->10M(42%)
[202.382s][info][gc] GC(45) Garbage Collection (Proactive) 14M(58%)->10M(42%)
[219.260s][info][gc] GC(46) Garbage Collection (Proactive) 14M(58%)->10M(42%)
[233.366s][info][gc] GC(47) Garbage Collection (Proactive) 14M(58%)->10M(42%)
[243.268s][info][gc] GC(48) Garbage Collection (Proactive) 14M(58%)->12M(50%)
[259.371s][info][gc] GC(49) Garbage Collection (Proactive) 16M(67%)->12M(50%)
[274.264s][info][gc] GC(50) Garbage Collection (Proactive) 16M(67%)->10M(42%)
[290.484s][info][gc] GC(51) Garbage Collection (Proactive) 14M(58%)->10M(42%)
[307.088s][info][gc] GC(52) Garbage Collection (Proactive) 14M(58%)->10M(42%)
[323.467s][info][gc] GC(53) Garbage Collection (Proactive) 14M(58%)->10M(42%)
[340.473s][info][gc] GC(54) Garbage Collection (Proactive) 14M(58%)->10M(42%)
[355.474s][info][gc] GC(55) Garbage Collection (Proactive) 14M(58%)->10M(42%)
[372.473s][info][gc] GC(56) Garbage Collection (Proactive) 14M(58%)->10M(42%)
[379.069s][info][gc] GC(57) Garbage Collection (Proactive) 14M(58%)->12M(50%)
[393.472s][info][gc] GC(58) Garbage Collection (Proactive) 16M(67%)->12M(50%)
[410.565s][info][gc] GC(59) Garbage Collection (Proactive) 16M(67%)->12M(50%)
[427.568s][info][gc] GC(60) Garbage Collection (Proactive) 16M(67%)->12M(50%)
[444.569s][info][gc] GC(61) Garbage Collection (Proactive) 16M(67%)->12M(50%)
[461.561s][info][gc] GC(62) Garbage Collection (Proactive) 16M(67%)->12M(50%)
[478.565s][info][gc] GC(63) Garbage Collection (Proactive) 16M(67%)->12M(50%)
[493.679s][info][gc] GC(64) Garbage Collection (Proactive) 16M(67%)->10M(42%)
[510.678s][info][gc] GC(65) Garbage Collection (Proactive) 14M(58%)->10M(42%)
[527.657s][info][gc] GC(66) Garbage Collection (Proactive) 14M(58%)->10M(42%)
